0x4500
0xC500
0xCB80
0x4500
0x4B80
0xC500
0x0000
0x5BC0
0x4900
0xC900
0xC900
0x4900
0x0000
0x7C00
0xFC00
0x0000
0x0000
0x0000
0x0000