0x4000
0x4400
0x4800
0x4880
0x4080
0x42D0
0x63D0
0xC000
0x4400
0xC800
0x4880
0x4080
0xC2D0
0x3C00
0x3C00
0xBC00
0x0000
0x57B0
0xD240
0x7C00
0x7C00
0x7800
0x7C00
0xFC00
0xFC00
0x7C00
0x0400
0x0000
0x0000
0x0400
0x8000
0x7C00
0x4C5C