(10 MEM)                 => 10 (0x4900)
(MEM)                    => 10 (0x4900)
((MEM) 5 +)              => 15 (0x4B80)
(-2.5 MEM)               => -2.5 (0xC100)
(MEM)                    => -2.5 (0xC100)
((MEM) (MEM) *)          => 6.25 (0x4640)