0x5CB0
0x6088
0xD8B0
0x3C00
0xE1DD
0x6600
0x5FFC
0x5B1A
0xDD7B
0x63CE
0x4A40
0xD640
0x0000
0x0000
0x0000
0x7BEE
0x7C00
0xFBFF
0xFC00
0x03FF
0x0000