(100 2 /)                => 50 (0x5240)
(-8 2 *)                 => -16 (0xCC00)
((1 RES) 10 +)           => -6 (0xC600)
((3 RES) 20 -)           => 30 (0x4F80)
((2 RES) (4 RES) +)      => 44 (0x5180)
(5 RES)                  => 50 (0x5240)