0x4880
0x5500
0x4500
0x3400
0xC600
0x4D00
0x0000
0x0000
0x0000
0x4A40
0xCA40
0x7C00
0x7C00
0xFC00
0x7C00
0x7C00
0x0000
0x0000
0x0400
0x0000