0x3C00
0x0000
0x3C00
0x3E00
0x4500
0xBC00
0x3C00
0xBC00
0xBC00
0xC11E
0x0000
0x0000
0x4000
0xC000
0x4000
0xC000
0x4400
0x4900
0x0000