0x4200
0x4200
0x4000
0x4000
0x0000
0xC200
0xC200
0x4200
0xC000
0x0000
0x8000
0x4500
0xC500
0x77FF
0x7BFF
0x8000
0x0000
0x8000