0x4200
0x42AA
0x4000
0x3800
0x3C00
0xC500
0xC500
0x4500
0x0000
0x8000
0x4A40
0xCA40
0x7C00
0x7C00
0x0000
0x0000
0x4555